Last login: Fri Oct 14 14:51:00 on ttys000
vladimirschmadlak@MacBook-Air-von-Vladimir ~ % sloc "/Users/vladimirschmadlak/Documents/Code/University/Semester 3/Software Metrics Exam/Assignment 1/script_0_before.py"

---------- Result ------------

            Physical :  151
              Source :  97
             Comment :  26
 Single-line comment :  16
       Block comment :  10
               Mixed :  13
 Empty block comment :  1
               Empty :  42
               To Do :  0

Number of files read :  1

----------------------------

vladimirschmadlak@MacBook-Air-von-Vladimir ~ % mypy "/Users/vladimirschmadlak/Documents/Code/University/Semester 3/Software Metrics Exam/Assignment 1/script_0_before.py"
Documents/Code/University/Semester 3/Software Metrics Exam/Assignment 1/script_0_before.py:112: error: No overload variant of "__setitem__" of "list" matches argument types "int", "float"
Documents/Code/University/Semester 3/Software Metrics Exam/Assignment 1/script_0_before.py:112: note: Possible overload variants:
Documents/Code/University/Semester 3/Software Metrics Exam/Assignment 1/script_0_before.py:112: note:     def __setitem__(self, SupportsIndex, int) -> None
Documents/Code/University/Semester 3/Software Metrics Exam/Assignment 1/script_0_before.py:112: note:     def __setitem__(self, slice, Iterable[int]) -> None
Documents/Code/University/Semester 3/Software Metrics Exam/Assignment 1/script_0_before.py:122: error: Incompatible types in assignment (expression has type "float", variable has type "int")
Documents/Code/University/Semester 3/Software Metrics Exam/Assignment 1/script_0_before.py:123: error: Incompatible types in assignment (expression has type "float", variable has type "int")
Documents/Code/University/Semester 3/Software Metrics Exam/Assignment 1/script_0_before.py:139: error: Incompatible types in assignment (expression has type "float", variable has type "int")
Found 4 errors in 1 file (checked 1 source file)
vladimirschmadlak@MacBook-Air-von-Vladimir ~ % pycodestyle "/Users/vladimirschmadlak/Documents/Code/University/Semester 3/Software Metrics Exam/Assignment 1/script_0_before.py"
/Users/vladimirschmadlak/Documents/Code/University/Semester 3/Software Metrics Exam/Assignment 1/script_0_before.py:2:4: W291 trailing whitespace
/Users/vladimirschmadlak/Documents/Code/University/Semester 3/Software Metrics Exam/Assignment 1/script_0_before.py:20:1: E303 too many blank lines (9)
/Users/vladimirschmadlak/Documents/Code/University/Semester 3/Software Metrics Exam/Assignment 1/script_0_before.py:20:1: E402 module level import not at top of file
/Users/vladimirschmadlak/Documents/Code/University/Semester 3/Software Metrics Exam/Assignment 1/script_0_before.py:21:1: E402 module level import not at top of file
/Users/vladimirschmadlak/Documents/Code/University/Semester 3/Software Metrics Exam/Assignment 1/script_0_before.py:22:1: E402 module level import not at top of file
/Users/vladimirschmadlak/Documents/Code/University/Semester 3/Software Metrics Exam/Assignment 1/script_0_before.py:49:1: E303 too many blank lines (3)
/Users/vladimirschmadlak/Documents/Code/University/Semester 3/Software Metrics Exam/Assignment 1/script_0_before.py:50:80: E501 line too long (105 > 79 characters)
/Users/vladimirschmadlak/Documents/Code/University/Semester 3/Software Metrics Exam/Assignment 1/script_0_before.py:63:1: E302 expected 2 blank lines, found 1
/Users/vladimirschmadlak/Documents/Code/University/Semester 3/Software Metrics Exam/Assignment 1/script_0_before.py:68:1: E303 too many blank lines (3)
/Users/vladimirschmadlak/Documents/Code/University/Semester 3/Software Metrics Exam/Assignment 1/script_0_before.py:76:1: E305 expected 2 blank lines after class or function definition, found 1
/Users/vladimirschmadlak/Documents/Code/University/Semester 3/Software Metrics Exam/Assignment 1/script_0_before.py:89:9: E303 too many blank lines (3)
/Users/vladimirschmadlak/Documents/Code/University/Semester 3/Software Metrics Exam/Assignment 1/script_0_before.py:97:13: E741 ambiguous variable name 'l'
/Users/vladimirschmadlak/Documents/Code/University/Semester 3/Software Metrics Exam/Assignment 1/script_0_before.py:117:5: E303 too many blank lines (3)
/Users/vladimirschmadlak/Documents/Code/University/Semester 3/Software Metrics Exam/Assignment 1/script_0_before.py:137:5: E303 too many blank lines (3)
/Users/vladimirschmadlak/Documents/Code/University/Semester 3/Software Metrics Exam/Assignment 1/script_0_before.py:146:1: W293 blank line contains whitespace
/Users/vladimirschmadlak/Documents/Code/University/Semester 3/Software Metrics Exam/Assignment 1/script_0_before.py:150:1: W293 blank line contains whitespace
/Users/vladimirschmadlak/Documents/Code/University/Semester 3/Software Metrics Exam/Assignment 1/script_0_before.py:151:28: W292 no newline at end of file
vladimirschmadlak@MacBook-Air-von-Vladimir ~ % pylint "/Users/vladimirschmadlak/Documents/Code/University/Semester 3/Software Metrics Exam/Assignment 1/script_0_before.py"
************* Module script_0_before
Documents/Code/University/Semester 3/Software Metrics Exam/Assignment 1/script_0_before.py:2:3: C0303: Trailing whitespace (trailing-whitespace)
Documents/Code/University/Semester 3/Software Metrics Exam/Assignment 1/script_0_before.py:50:0: C0301: Line too long (105/100) (line-too-long)
Documents/Code/University/Semester 3/Software Metrics Exam/Assignment 1/script_0_before.py:146:0: C0303: Trailing whitespace (trailing-whitespace)
Documents/Code/University/Semester 3/Software Metrics Exam/Assignment 1/script_0_before.py:150:0: C0303: Trailing whitespace (trailing-whitespace)
Documents/Code/University/Semester 3/Software Metrics Exam/Assignment 1/script_0_before.py:151:0: C0304: Final newline missing (missing-final-newline)
Documents/Code/University/Semester 3/Software Metrics Exam/Assignment 1/script_0_before.py:2:0: W0105: String statement has no effect (pointless-string-statement)
Documents/Code/University/Semester 3/Software Metrics Exam/Assignment 1/script_0_before.py:20:0: C0413: Import "import pygame" should be placed at the top of the module (wrong-import-position)
Documents/Code/University/Semester 3/Software Metrics Exam/Assignment 1/script_0_before.py:21:0: C0413: Import "import math" should be placed at the top of the module (wrong-import-position)
Documents/Code/University/Semester 3/Software Metrics Exam/Assignment 1/script_0_before.py:22:0: C0413: Import "import colorsys" should be placed at the top of the module (wrong-import-position)
Documents/Code/University/Semester 3/Software Metrics Exam/Assignment 1/script_0_before.py:24:0: E1101: Module 'pygame' has no 'init' member (no-member)
Documents/Code/University/Semester 3/Software Metrics Exam/Assignment 1/script_0_before.py:28:0: C0103: Constant name "hue" doesn't conform to UPPER_CASE naming style (invalid-name)
Documents/Code/University/Semester 3/Software Metrics Exam/Assignment 1/script_0_before.py:35:0: C0103: Constant name "x_separator" doesn't conform to UPPER_CASE naming style (invalid-name)
Documents/Code/University/Semester 3/Software Metrics Exam/Assignment 1/script_0_before.py:36:0: C0103: Constant name "y_separator" doesn't conform to UPPER_CASE naming style (invalid-name)
Documents/Code/University/Semester 3/Software Metrics Exam/Assignment 1/script_0_before.py:38:0: C0103: Constant name "rows" doesn't conform to UPPER_CASE naming style (invalid-name)
Documents/Code/University/Semester 3/Software Metrics Exam/Assignment 1/script_0_before.py:39:0: C0103: Constant name "columns" doesn't conform to UPPER_CASE naming style (invalid-name)
Documents/Code/University/Semester 3/Software Metrics Exam/Assignment 1/script_0_before.py:40:0: C0103: Constant name "screen_size" doesn't conform to UPPER_CASE naming style (invalid-name)
Documents/Code/University/Semester 3/Software Metrics Exam/Assignment 1/script_0_before.py:42:0: C0103: Constant name "x_offset" doesn't conform to UPPER_CASE naming style (invalid-name)
Documents/Code/University/Semester 3/Software Metrics Exam/Assignment 1/script_0_before.py:43:0: C0103: Constant name "y_offset" doesn't conform to UPPER_CASE naming style (invalid-name)
Documents/Code/University/Semester 3/Software Metrics Exam/Assignment 1/script_0_before.py:49:0: C0103: Constant name "theta_spacing" doesn't conform to UPPER_CASE naming style (invalid-name)
Documents/Code/University/Semester 3/Software Metrics Exam/Assignment 1/script_0_before.py:50:0: C0103: Constant name "phi_spacing" doesn't conform to UPPER_CASE naming style (invalid-name)
Documents/Code/University/Semester 3/Software Metrics Exam/Assignment 1/script_0_before.py:52:0: C0103: Constant name "chars" doesn't conform to UPPER_CASE naming style (invalid-name)
Documents/Code/University/Semester 3/Software Metrics Exam/Assignment 1/script_0_before.py:58:12: E1101: Module 'pygame' has no 'FULLSCREEN' member (no-member)
Documents/Code/University/Semester 3/Software Metrics Exam/Assignment 1/script_0_before.py:63:0: C0116: Missing function or method docstring (missing-function-docstring)
Documents/Code/University/Semester 3/Software Metrics Exam/Assignment 1/script_0_before.py:63:12: C0103: Argument name "h" doesn't conform to snake_case naming style (invalid-name)
Documents/Code/University/Semester 3/Software Metrics Exam/Assignment 1/script_0_before.py:63:15: C0103: Argument name "s" doesn't conform to snake_case naming style (invalid-name)
Documents/Code/University/Semester 3/Software Metrics Exam/Assignment 1/script_0_before.py:63:18: C0103: Argument name "v" doesn't conform to snake_case naming style (invalid-name)
Documents/Code/University/Semester 3/Software Metrics Exam/Assignment 1/script_0_before.py:63:12: W0621: Redefining name 'h' from outer scope (line 95) (redefined-outer-name)
Documents/Code/University/Semester 3/Software Metrics Exam/Assignment 1/script_0_before.py:68:0: C0116: Missing function or method docstring (missing-function-docstring)
Documents/Code/University/Semester 3/Software Metrics Exam/Assignment 1/script_0_before.py:68:25: W0621: Redefining name 'x_start' from outer scope (line 33) (redefined-outer-name)
Documents/Code/University/Semester 3/Software Metrics Exam/Assignment 1/script_0_before.py:68:34: W0621: Redefining name 'y_start' from outer scope (line 33) (redefined-outer-name)
Documents/Code/University/Semester 3/Software Metrics Exam/Assignment 1/script_0_before.py:76:0: C0103: Constant name "run" doesn't conform to UPPER_CASE naming style (invalid-name)
Documents/Code/University/Semester 3/Software Metrics Exam/Assignment 1/script_0_before.py:111:15: R1716: Simplify chained comparison between the operands (chained-comparison)
Documents/Code/University/Semester 3/Software Metrics Exam/Assignment 1/script_0_before.py:118:8: C0103: Constant name "y_start" doesn't conform to UPPER_CASE naming style (invalid-name)
Documents/Code/University/Semester 3/Software Metrics Exam/Assignment 1/script_0_before.py:120:4: C0200: Consider using enumerate instead of iterating with range and len (consider-using-enumerate)
Documents/Code/University/Semester 3/Software Metrics Exam/Assignment 1/script_0_before.py:131:12: C0103: Constant name "x_start" doesn't conform to UPPER_CASE naming style (invalid-name)
Documents/Code/University/Semester 3/Software Metrics Exam/Assignment 1/script_0_before.py:143:25: E1101: Module 'pygame' has no 'QUIT' member (no-member)
Documents/Code/University/Semester 3/Software Metrics Exam/Assignment 1/script_0_before.py:145:12: C0103: Constant name "run" doesn't conform to UPPER_CASE naming style (invalid-name)
Documents/Code/University/Semester 3/Software Metrics Exam/Assignment 1/script_0_before.py:147:25: E1101: Module 'pygame' has no 'KEYDOWN' member (no-member)
Documents/Code/University/Semester 3/Software Metrics Exam/Assignment 1/script_0_before.py:149:28: E1101: Module 'pygame' has no 'K_ESCAPE' member (no-member)
Documents/Code/University/Semester 3/Software Metrics Exam/Assignment 1/script_0_before.py:151:16: C0103: Constant name "run" doesn't conform to UPPER_CASE naming style (invalid-name)
Documents/Code/University/Semester 3/Software Metrics Exam/Assignment 1/script_0_before.py:21:0: C0411: standard import "import math" should be placed before "import pygame" (wrong-import-order)
Documents/Code/University/Semester 3/Software Metrics Exam/Assignment 1/script_0_before.py:22:0: C0411: standard import "import colorsys" should be placed before "import pygame" (wrong-import-order)

-----------------------------------
Your code has been rated at 1.95/10

vladimirschmadlak@MacBook-Air-von-Vladimir ~ % black "/Users/vladimirschmadlak/Documents/Code/University/Semester 3/Software Metrics Exam/Assignment 1/script_0_before.py"
reformatted /Users/vladimirschmadlak/Documents/Code/University/Semester 3/Software Metrics Exam/Assignment 1/script_0_before.py

All done! ‚ú® üç∞ ‚ú®
1 file reformatted.
vladimirschmadlak@MacBook-Air-von-Vladimir ~ % 
